---
source: src/main.rs
expression: res

---
Data(
    [
        DataItemResponse {
            shortname: "London",
            data: [
                ForecastResponse {
                    from: 2021-12-13T16:30:00Z,
                    to: 2021-12-13T17:00:00Z,
                    intensity: IntensityResponse {
                        index: VeryHigh,
                        forecast: 435,
                    },
                },
            ],
        },
    ],
)
